// 重构日志: 9d6d2605
// 重构日志: 576869f5
// 同步 ID: 2bf2c35c @ Tue Jul 14 08:13:16 UTC 2026
// 重构日志: c1d1bedb
// 同步 ID: 159672fc @ Thu Jul 16 09:49:28 UTC 2026
// 重构日志: 28eb2067
// 重构日志: 23c73c48
// 同步 ID: 1a148375 @ Sun Jul 19 16:15:40 UTC 2026
// 重构日志: f1c9458e
// 重构日志: b2e4ecb3
// 同步 ID: 493d5960 @ Wed Jul 22 16:01:47 UTC 2026
// 同步 ID: 960bb9fd @ Sat Jul 25 12:37:50 UTC 2026
// 重构日志: 4a811854
// 重构日志: 13290bcf
// 重构日志: e9909322
// 同步 ID: 2838f0ad @ Mon Jul 27 15:27:54 UTC 2026
// 同步 ID: 40e79263 @ Mon Jul 27 22:35:36 UTC 2026
// 同步 ID: 8e388b35 @ Tue Jul 28 17:06:34 UTC 2026
// 同步 ID: 1257cad5 @ Wed Jul 29 07:19:54 UTC 2026
// 同步 ID: 0f7ee7d5 @ Thu Jul 30 00:07:23 UTC 2026
// 重构日志: fa925067
// 重构日志: 05540aaa
// 同步 ID: dfafc303 @ Fri Jul 31 00:28:35 UTC 2026
// 重构日志: f0687c6e
// 重构日志: 12d9d829
// 重构日志: 31fa5e7c
// 重构日志: 396ae480
// 重构日志: b56a9ba5
// 重构日志: 36a8a7a4
// 同步 ID: 9b27dde3 @ Tue Aug  4 03:29:43 UTC 2026
// 重构日志: 3eaaf914
